#Fri Jul 29 11:26:56 CEST 2011
NUnit/src/NUnitTestServer/nunit-server-exe/TestServerConsoleApp.cs=012575C87BF5E87699A765275EBD18F0
NUnit/src/ClientUtilities/tests/RecentFilesTests.cs=CCA3E79C7735DDCF52D35F4FA4EB76C3
NUnit/src/tests/mock-assembly/MockAssembly.cs=105C48967713CA804630A7702520C703
NUnit/src/ClientUtilities/util/AssemblyWatcher.cs=8EE7A161AE8D7DC9E6D8167593B0D855
NUnit/src/NUnitCore/core/AssemblyInfo.cs=0BCE05C73D08A30D109FC1084BB42781
NUnit/src/tests/timing-tests/ClientTimeoutFixture.cs=5EFBD4E383A8DA05B87DE8F4484FFA4B
NUnit/src/NUnitCore/core/NotRunnableTestCase.cs=8F851C4341A9035CC71A8A7C566B52A7
NUnit/src/tests/test-utilities/FormTester.cs=AD5D973889A1F8B6B6D5AC3FDBD57486
NUnit/src/NUnitCore/interfaces/TestFilter.cs=986612D9F1CE9D390EFEC39B079A274A
NUnit/src/NUnitFramework/framework/Constraints/SameAsConstraint.cs=C1841004F33164C4FB55A9BF3F1A553D
NUnit/src/tests/test-assembly/FailFixtureTests.cs=740E1130D0C9B1C64F30202C52C8C018
NUnit/src/NUnitFramework/framework/SetUpFixtureAttribute.cs=4ADCE99A620F9AF298F350B4542B5784
NUnit/src/NUnitExtensions/core/RepeatedTestDecorator.cs=82514A00A7FA3F86500FF4A6598F2BBA
NUnit/src/GuiRunner/nunit-gui-exe/Class1.cs=54D3362A8DE4A302230D7E633D4E5BC1
NUnit/src/NUnitCore/core/Builders/AbstractTestCaseBuilder.cs=1E1696C771AC913D3B03BF0DF7EC4453
NUnit/src/GuiComponents/tests/ErrorDisplayTests.cs=AE95D88A78B34EC271FBDF8752CE8E5E
NUnit/src/NUnitCore/core/EventListenerTextWriter.cs=E704DE0E24341577898E0D7B385B1623
NUnit/src/NUnitFramework/framework/ExpectedExceptionAttribute.cs=B904F5F95B676AD8E76954DD1DEC989D
NUnit/src/GuiComponents/tests/AddConfigurationDialogTests.cs=0D0531E2AFD96C28B06A8A9C17E0A785
NUnit/src/tests/test-utilities/TestBuilder.cs=9B401C5BF561B8B6426F723084CCC686
NUnit/src/NUnitFramework/tests/NUnitLite/TestSuiteBasicTests.cs=C2F7B1011B76A57371D7E578246098FF
NUnit/src/NUnitFramework/framework/Constraints/PropertyConstraint.cs=12EEE2644618D0A1E2F3EF332F784A38
NUnit/src/NUnitCore/tests/TestNameTests.cs=3BB3ABDEC62F3D00B691B47BD28CA123
NUnit/src/ClientUtilities/util/CommandLineOptions.cs=703932894ED572CBABA22F9977F7B16F
NUnit/src/GuiComponents/UiKit/ConfigurationEditor.cs=CB8DB1F6749E6720402593228079DC9B
NUnit/src/NUnitCore/interfaces/Extensibility/ITestCaseBuilder.cs=7FAEA53A5238D1B9E7CBA75FDC620F0B
NUnit/src/NUnitMocks/mocks/ICallHandler.cs=794C7FAB41329AC36525BECCBE650D0C
NUnit/src/NUnitCore/interfaces/Extensibility/IExtensionPoint.cs=F1F21C5578E463C1142E4B31ECD8A755
NUnit/src/NUnitCore/tests/TestFixtureBuilderTests.cs=30BFEA80334A42BF113FE69448FC1B4B
NUnit/src/GuiComponents/UiKit/TestForm.cs=1BFFE0E827A293BB9E20CB3B216E003E
NUnit/src/ClientUtilities/tests/RemoteTestResultTest.cs=2C26AE27DF4E72F66DF60E71A6DF147D
NUnit/src/NUnitCore/tests/XmlTest.cs=4C9B744E4DAF15634F3A4C7AC917409C
NUnit/src/NUnitFramework/tests/Constraints/ComparisonConstraintTests.cs=A2F6EFBB9D09F9512DAECEC3028AC2EB
NUnit/src/NUnitFramework/framework/Assertion.cs=3DD3847D18C27002AE7B106C1E5C67C8
NUnit/src/NUnitFramework/framework/AssertionHelper.cs=A716D93FEC38F583DFD83BEBE9886081
NUnit/src/NUnitCore/tests/AssemblyVersionFixture.cs=984D4228B4920F78DD58F74849E84C04
NUnit/src/NUnitCore/tests/SetUpTest.cs=6A2880AD313A1DAA3BE85C2A2FEEAFB2
NUnit/src/GuiComponents/tests/ProgressBarTests.cs=DDD45E90F0EF8CB81F57B823FB0CA5CF
NUnit/src/NUnitCore/tests/AssemblyResolverTests.cs=85ADCF4402099DB4520A6BC21EBA04C6
NUnit/src/NUnitCore/core/PlatformHelper.cs=9116581C5F8823713619443C0581BC81
NUnit/src/ClientUtilities/tests/ProjectConfigCollectionTests.cs=DF51CA12B97009E2ED22C2297BE900A3
NUnit/src/NUnitMocks/mocks/IVerify.cs=585916FB97C97807D168B97FDB7CC600
NUnit/src/NUnitFramework/framework/SyntaxHelpers/List.cs=43F2B38A9000FE55DF5CF47D3D83C4B1
NUnit/src/NUnitCore/tests/ReflectTests.cs=DC856E1F9B51F929D4F3CC8AC9C3E868
NUnit/src/NUnitCore/tests/BasicRunnerTests.cs=A9F44133AC63A76AB7F45FB16F2ED8CA
NUnit/src/NUnitCore/core/Extensibility/AddinRegistry.cs=89EFED6BAB7F318DC3B6722FDD133C48
NUnit/src/NUnitCore/core/Extensibility/TestCaseBuilderCollection.cs=XX378AFD46912AE8071B905AEF81FB5056
NUnit/src/NUnitCore/tests/LegacySuiteTests.cs=DE82492DE289DAF9CBE164BA3A0096FD
NUnit/src/NUnitCore/interfaces/Filters/SimpleNameFilter.cs=37D06AC83B9D861572BF7934DB051F26
NUnit/src/NUnitMocks/mocks/MockMethod.cs=5CE4C9D6029A49F3AF62D337B4008695
NUnit/src/NUnitCore/tests/EventQueueTests.cs=54769D53F656AF8EB5D0E69B02ACB1EA
NUnit/src/tests/timing-tests/ServerTimeoutFixture.cs=8D6030996E543E057B98E3FF49422704
NUnit/src/NUnitCore/tests/SetUpFixtureTests.cs=AB15E554220D68ED2508D5489CE6D6CD
NUnit/src/tests/test-utilities/TempTestAssembly.cs=3C898F872A748C17A3ACDC05454F6234
NUnit/src/tests/test-assembly/FixtureSetUpTearDownTests.cs=DE45CAC9B2F6F0D4D1952CBCBFA0C36D
NUnit/src/NUnitCore/interfaces/TestPackage.cs=29531B21B196A59C89A5A62CB777EB29
NUnit/src/NUnitFramework/tests/Constraints/SameAsTest.cs=D9364A319DEDB48228C646D117143383
NUnit/src/NUnitTestServer/tests/UtilityTests.cs=65875B7DE8EE62350494F6B9AC93256C
NUnit/src/ClientUtilities/util/Services/ServiceManager.cs=B094779AB6D81CEC74EDC98BC4B57CBC
NUnit/src/ClientUtilities/tests/AssemblyListTests.cs=814737FAA76025876431402B916A0043
NUnit/src/NUnitCore/interfaces/Extensibility/Addin.cs=A96AD2D8EEDEB692F3244A443B1CC005
NUnit/src/ClientUtilities/util/ProjectFormatException.cs=C71171C2CD440F475CDB2B70692AA9EA
NUnit/src/ClientUtilities/util/ITestEvents.cs=3D6F56AB305795422F1FA078033F762B
NUnit/src/ClientUtilities/util/XmlResultTransform.cs=769289D7FAADB99E3B732A93E420A07E
NUnit/src/ClientUtilities/tests/NUnitProjectSave.cs=88DCF85CADA56487D6544D63846CB6B9
NUnit/src/NUnitFramework/tests/EqualsFixture.cs=529B6A5B49B272C7146DDFD0858A0966
NUnit/src/NUnitCore/core/NullListener.cs=CAFBF16C938E40E9A4CE03490D0541D8
NUnit/src/GuiComponents/UiKit/RecentFileMenuHandler.cs=5F03943E3F978A7963BF2051BB540F82
NUnit/src/ClientUtilities/util/Services/AddinManager.cs=B4A6D065860434D065EEDEC23B7506CC
NUnit/src/NUnitFixtures/fixtures/TestCompiler.cs=0E2FAC2C09AA29A85DE747B0B24E34F3
NUnit/src/tests/test-assembly/UnhandledExceptions.cs=8D39A5CA1A40490026C13EB64D190860
NUnit/src/NUnitCore/tests/ThreadedTestRunnerTests.cs=13073B450447BB1BFD3329115EC3893C
NUnit/src/NUnitFramework/tests/NUnitLite/TestResultTests.cs=274D8C69DEF90E22704EBDCCB159F91A
NUnit/src/ClientUtilities/util/NUnitProject.cs=C2444E9F2BA4E9BA128C0AC388AFC792
NUnit/src/NUnitFramework/tests/MessageWriterTests.cs=38803ED9CCC75D3687B1915F52668931
NUnit/src/NUnitCore/core/Reflect.cs=2A68DA2B6344C87A10FB415484F7DB1E
NUnit/src/GuiRunner/nunit-gui/ProjectEditor.cs=07CEB618EF20F2AA6EB3E4BC38609286
NUnit/src/NUnitCore/interfaces/ITest.cs=84A672FCC6F0776242550A1A5D527B3C
NUnit/src/NUnitFramework/tests/AssertionTest.cs=A8191BE15379C898922CF621AFD7380B
NUnit/src/NUnitCore/tests/TestFixtureExtension.cs=C2FFF55184E66C9A8F3252CFEB120179
NUnit/src/NUnitCore/tests/DirectorySwapperTests.cs=D95E851D1A51478EFAAB52213FF12A99
NUnit/src/NUnitFixtures/fixtures/TestTree.cs=681CCC6B4D64EDD43DD5F1FD3B0E244E
NUnit/src/GuiRunner/nunit-gui/OptionsDialog.cs=508A89AD4475B8B9A3A07A8FC08F8295
NUnit/src/NUnitTestServer/tests/TestServerTests.cs=21A4206C111294D49BB9B94E0680CBC2
NUnit/src/NUnitFramework/tests/CollectionAssertTest.cs=9D47D6C504D31A8E9C1D813021D3EFE8
NUnit/src/ClientUtilities/util/Services.cs=E6BDE22D5245847D62F4AF91956E31BA
NUnit/src/GuiComponents/UiKit/TestSuiteTreeNode.cs=340E54B4B52193C50F07D33111A33B1F
NUnit/src/NUnitFramework/framework/AssemblyInfo.cs=8B1DEBF4F6B73BED50B92FC0C17D7F1A
NUnit/src/NUnitCore/interfaces/EventListener.cs=87007876938A783D470FC5C672E37496
NUnit/src/NUnitFramework/tests/Constraints/EmptyTest.cs=17CCDCD6E8CB07FC7ED3DA6DF7B609D7
NUnit/src/GuiRunner/tests/ExceptionDetailsFormTests.cs=8B42170C887F9EF7CBDEBDEA47945FFE
NUnit/src/NUnitFramework/framework/IAsserter.cs=AB178669AA69DB547774BD99084F89ED
NUnit/src/NUnitCore/core/TestRunnerThread.cs=8CB2F1AB7F8FD0730669A5D5F89CA389
NUnit/src/NUnitFramework/tests/FileAssertTests.cs=B9467EA52AF8E2F4D5B79BB05396DEBF
NUnit/src/NUnitMocks/mocks/Mock.cs=5AF619120B7605FF9E61EE9E5E4D6304
NUnit/src/ClientUtilities/util/ProcessRunner.cs=DB79B67FC908A950A1247164A7238582
NUnit/src/ClientUtilities/util/XmlResultVisitor.cs=9CF863E5EB465F7B82D63ECD99508051
NUnit/src/ClientUtilities/tests/TestLoaderAssemblyTests.cs=C195F8361A70075AEB9D97C3F639798A
NUnit/src/NUnitCore/tests/AllTests.cs=140FFBE1A6723D4C7C219777A8E308E1
NUnit/src/NUnitMocks/tests/DynamicMockTests.cs=5BC31E469B9E86E42F4E8059683E481F
NUnit/src/NUnitCore/interfaces/Filters/NotFilter.cs=12762BE0C05CD6604D20F6EE7E63EB3A
NUnit/src/ClientUtilities/tests/TestDomainFixture.cs=D351CD44E2CA54DD1814D92AB1541320
NUnit/src/NUnitFramework/tests/LessEqualFixture.cs=2D96AA2AC5A7FBA6449416227CC3F9CF
NUnit/src/NUnitCore/interfaces/Extensibility/IFrameworkRegistry.cs=C1DFCA55D8733281CC4608817015F44E
NUnit/src/NUnitFramework/framework/TestFixtureAttribute.cs=F0A6C19993C9DB1DD77A000C9C2C221C
NUnit/src/tests/test-utilities/MockTestEventSource.cs=FC65EDB00D483D0B15FB37540DF34D17
NUnit/src/NUnitCore/core/TestCaseBuilderAttribute.cs=D0AE5CA5F2396F70C0D5EA769A4F93F0
NUnit/src/NUnitFramework/framework/TestAttribute.cs=1487AE71B645333141FECA8D40E7FAA1
NUnit/src/NUnitFramework/framework/Constraints/BinaryOperations.cs=74BC692E290BCAFE1EB2B8260EA608DF
NUnit/src/ClientUtilities/util/AssemblyList.cs=C36A103D58C1908E64C8C691E303D707
NUnit/src/NUnitCore/tests/TestInfoTests.cs=D39571AE6286234A0A5FA540AF71090E
NUnit/src/NUnitCore/tests/FailFixture.cs=DE173B082F26009854DE4D640DAE350E
NUnit/src/NUnitCore/tests/TestCaseTest.cs=F4B788B26FCE72D96E0527BBEA95EAAC
NUnit/src/NUnitCore/core/RemoteTestRunner.cs=4F43880F84A5C6BF2031FC26A5B817D6
NUnit/src/GuiComponents/tests/TestSuiteTreeNodeTests.cs=E5419C7BA8F84DAC6FB15213F8B47B79
NUnit/src/NUnitFramework/framework/IgnoreAttribute.cs=CF6C6EDC3EFC00E12AF214B967E69DF7
NUnit/src/NUnitFramework/framework/OldTestCase.cs=86905B97A97AE92FF5172CA7A56BE040
NUnit/src/NUnitFramework/tests/Constraints/OrTest.cs=64190BD3C68FDE4A30273F65002768FF
NUnit/src/NUnitFramework/framework/PropertyAttribute.cs=245502FF2DE5B9B9690011A9A4E7ACD9
NUnit/src/ClientUtilities/tests/RegistrySettingsStorageTests.cs=5692051F011220D923F6CB2FA85EF07E
NUnit/src/ConsoleRunner/tests/ConsoleRunnerTest.cs=BB816B7F25E9B7F990DE04D223A1E0D1
NUnit/src/ConsoleRunner/nunit-console/ConsoleUi.cs=4C51885348E2C61955D6675404C81973
NUnit/src/NUnitFramework/tests/NotEqualFixture.cs=A01DFBEBBD4321FB93FFE75865C38ED1
NUnit/src/NUnitFixtures/fixtures/PlatformInfo.cs=458E9247E80760F56BE8851FC471C1E4
NUnit/src/NUnitCore/interfaces/RuntimeFramework.cs=FE0AABACAAC34ED44F0AB43E5AA3D116
NUnit/src/NUnitCore/core/TestCase.cs=BA7A0DF9EFCF3F85BD3B5EE0EEFCD4BC
NUnit/src/ClientUtilities/util/ProjectConfigCollection.cs=AF97F4A4ACFAEE489D1885088A77CC9E
NUnit/src/NUnitCore/core/NoTestFixturesException.cs=06D11C0B5EF4B084F913F8A11DD861BA
NUnit/src/NUnitCore/core/Extensibility/SuiteBuilderCollection.cs=C9A972151C14BAEB69871B44936F44C8
NUnit/src/ClientUtilities/tests/TestEventCatcher.cs=75F360141323FE19B0E487C87435A1B2
NUnit/src/NUnitFramework/tests/NUnitLite/MessageWriterTests.cs=A46A6C8A5C88AB6BDB9547B007B7D04C
NUnit/src/NUnitCore/tests/TestNodeTests.cs=EFC58EF3E7AA681D257F77C8A3129C13
NUnit/src/NUnitFramework/tests/ListContentsTests.cs=D3A60508E48E7DBF5AC294A2D29BDCE6
NUnit/src/ClientUtilities/util/ConsoleWriter.cs=248D938B833F806A8A8084DA278CF64E
NUnit/src/NUnitCore/tests/NameFilterTest.cs=2505721F7E589646E321D71B5E78574F
NUnit/src/ClientUtilities/util/SettingsGroup.cs=F4F2898B427CF236BC2B44AA2125E1A6
NUnit/src/NUnitCore/interfaces/TestOutput.cs=92913B4B08D8BB6CBDD7EBB158529F18
NUnit/src/ClientUtilities/util/MultipleTestDomainRunner.cs=0A952C6EEE165DE47C6EF17E73B36A1E
NUnit/src/GuiComponents/UiKit/NotRunTree.cs=F3452DBC0C82DDF6C6D131E4D12DF21D
NUnit/src/NUnitCore/interfaces/ResultState.cs=18D2C549667078BE046A24D77DDBDAF1
NUnit/src/NUnitCore/core/TestFixture.cs=B73CF8A13D55317FF3958777A3B41484
NUnit/src/ClientUtilities/util/VSProjectConfigCollection.cs=E3F20ACC8AED9073B91AF9B482CF1F31
NUnit/src/NUnitExtensions/core/RepeatedTestCase.cs=76CCADAF2968332729EE1AFA9DD2F144
NUnit/src/NUnitCore/core/StringTextWriter.cs=1AD7C46F7415BE4C58B7C864D830C201
NUnit/src/NUnitExtensions/framework/RepeatAttribute.cs=80E51162B9015801938C193B8CF73230
NUnit/src/NUnitCore/interfaces/TestName.cs=83F6C58B50317DDB4FA676BF4A2DB1D3
NUnit/src/GuiRunner/nunit-gui/DetailResults.cs=22C88578B4F7733FADDC8F0F0B464688
NUnit/src/NUnitFramework/tests/NUnitLite/TestSuiteCreationTests.cs=4030E8C51AF6DE6A9C911E78D91A05ED
NUnit/src/NUnitMocks/tests/MockTests.cs=11548E8728EFA1605A8A800BBD5B5C63
NUnit/src/ClientUtilities/util/TestLoader.cs=EF91427D70D2B130CAEC39A6173A7284
NUnit/src/GuiComponents/tests/RecentFileMenuHandlerTests.cs=E4B252B704218BE475473E9AAF673E6B
NUnit/src/GuiComponents/UiKit/TestPropertiesDialog.cs=444838142BDAB18D68A860B46EA37618
NUnit/src/NUnitCore/interfaces/TestID.cs=851BA7DCA660A6E09ED6FB885B869204
NUnit/src/GuiComponents/UiKit/RenameConfigurationDialog.cs=C2BF9E8D8E88CDE0B23A9002AFD396C7
NUnit/src/GuiComponents/UiKit/AssemblyPathDialog.cs=F46A4F18F498E02F9EA733104B06844C
NUnit/src/ClientUtilities/tests/NUnitProjectLoad.cs=8B7B7F112B595D77365E407E42A7A520
NUnit/src/NUnitCore/tests/TestAssemblyBuilderTests.cs=C1E99B07C6EB82B58698BE1CCF3AB2C4
NUnit/src/NUnitCore/tests/SimpleTestRunnerTests.cs=68A7C44A214D5AC1869CD8D24761B2C8
NUnit/src/ClientUtilities/util/ISettings.cs=24C9C84EEC152AC4242E0CC0C4F0EFCB
NUnit/src/NUnitCore/core/LegacySuite.cs=BB6374253B088DD6F0C1A4AFA907B69B
NUnit/src/NUnitMocks/mocks/IMethod.cs=CBDD26F9B796209096521C4104DB1D44
NUnit/src/GuiComponents/UiKit/ProgressBar.cs=6A61AEB638A97947F81E9DAF83E98230
NUnit/src/NUnitFramework/tests/SameFixture.cs=5DEBF606DF10E8237FF4EC25F6D2CF90
NUnit/src/NUnitCore/interfaces/TestSuiteResult.cs=A3E26DBAC444ED17D58361098BEA9339
NUnit/src/NUnitMocks/mocks/IMock.cs=A231C43A9CFFE04FFBAD787EAA50271D
NUnit/src/tests/test-assembly/ConsoleRunnerTest.cs=CFEDCB01A7F3118684FDBD0ACBC6C7CC
NUnit/src/NUnitCore/tests/TestSuiteResultFixture.cs=A5FD281CAD95877E2B59549AFD09791C
NUnit/src/NUnitCore/core/TestSuite.cs=83973D1B236FA82E7109FE9A3FF3AA12
NUnit/src/NUnitFramework/tests/AssertExtensionTests.cs=7C4ACEBF32F05612A3FDB0546503FDCD
NUnit/src/ClientUtilities/tests/SummaryResultFixture.cs=1855A01D8C293E0502957F41847D2156
NUnit/src/NUnitCore/interfaces/Extensibility/NUnitAddinAttribute.cs=D2EA0F4EB66B50E7DD413B8B3E94A5C3
NUnit/src/GuiComponents/UiKit/ExpandingLabel.cs=F5BD2047964DDD9FD5F18FD3B5C2FEB7
NUnit/src/NUnitCore/core/Builders/SetUpFixtureBuilder.cs=5196327774C55C45916404AFF3B4340F
NUnit/src/NUnitCore/core/QueuingEventListener.cs=F56A6EC21B4CFA25BD75D1AA24FAF61A
NUnit/src/NUnitCore/interfaces/Extensibility/ExtensionType.cs=FA624815362DCF4AD7C6CFC3816001F2
NUnit/src/GuiRunner/tests/OptionSettingsTests.cs=A51435B8A8CCCB876092075509BAA639
NUnit/src/GuiRunner/tests/ProjectEditorTests.cs=E295D9A053F20FD6208F1E78A2CE029A
NUnit/src/NUnitMocks/mocks/DynamicMock.cs=24D55D016AC01C869EB2930A8D5D3078
NUnit/src/NUnitCore/tests/AssemblyReaderTests.cs=B5B781BA8D4C81E3F1EA6EE42511ACC2
NUnit/src/GuiRunner/tests/FormSettingsTests.cs=5A3A9FB55B9D2719DBC661122228DC30
NUnit/src/NUnitTestServer/nunit-server/ServerUtilities.cs=F1F159FC51BE05E756F36B25492C38B8
NUnit/src/NUnitCore/tests/ExpectExceptionTest.cs=CC105803966967C41BB931DDD48CD65C
NUnit/src/GuiComponents/tests/TextBoxWriterTests.cs=476CBF1C293C43D470B51505DA1BBBE4
NUnit/src/tests/test-assembly/IgnoreFixtureTests.cs=B7BB5BBBFC0DC38AED008DDB2BA55775
NUnit/src/NUnitFramework/tests/NUnitLite/ExpectedExceptionTests.cs=24E9E453EB1A6B54CE1D1F9A920231D2
NUnit/src/GuiComponents/UiKit/WaitCursor.cs=A79E6C89CE81E1BA013F98F7BE184CBD
NUnit/src/GuiComponents/UiKit/TestTree.cs=37C8B5B1D7A3F1C532356040383DEFC7
NUnit/src/ClientUtilities/tests/SettingsGroupTests.cs=D77B3CCC04C01436441571C0562930CC
NUnit/src/NUnitMocks/mocks/MethodSignature.cs=50C340178B6EA7B1095A786A9964B533
NUnit/src/ClientUtilities/tests/PathUtilTests.cs=DE8DD6FAE92BE4DE29F21905DC498754
NUnit/src/NUnitFramework/tests/CollectionAdapter.cs=C863E09D5D021319ED5A21EA44CF701B
NUnit/src/NUnitFramework/tests/Constraints/TypeConstraintTests.cs=94EDE985CE180C6126514EC79F2259C7
NUnit/src/NUnitCore/interfaces/ResultVisitor.cs=024DAAF802F65ED528E58825514D6CFF
NUnit/src/NUnitCore/tests/StackOverflowTestFixture.cs=5CF27E1C8AD539465772F1E737DD3F1D
NUnit/src/ConsoleRunner/nunit-console/ConsoleOptions.cs=D6B25C4DCBE62B7F12A077EABCC7F80D
NUnit/src/GuiComponents/UiKit/LongRunningOperationDisplay.cs=773E6A62F70F78B9A4D8330844DF80DF
NUnit/src/GuiComponents/UiKit/AddConfigurationDialog.cs=AC64E1AFC74955DD19BE5C585EEC7226
NUnit/src/GuiRunner/tests/UserSettingsTests.cs=F04092CD452D86176C4C22C9225F24A5
NUnit/src/GuiComponents/UiKit/ErrorDisplay.cs=E5954FAC635C52ACFC57C791A5A9E245
NUnit/src/NUnitMocks/mocks/ICall.cs=93A93E7E7D76817C923F688D66D70505
NUnit/src/NUnitCore/interfaces/TestAssemblyInfo.cs=ACD90D6E76C677DDFC2F654E9B61827D
NUnit/src/GuiComponents/UiKit/TextBoxWriter.cs=CBCDABE5A18CA0C6A58B3CC3C32CADF5
NUnit/src/NUnitCore/interfaces/Filters/AndFilter.cs=19FA1E979EA9B7BC1F638CAF1295171D
NUnit/src/GuiRunner/nunit-gui/GuiOptions.cs=E9A199145A0D9F7F03122E3C3669CEAB
NUnit/src/NUnitCore/core/Extensibility/TestDecoratorCollection.cs=6CE3681DAD090D8C10FBF14F363336E3
NUnit/src/NUnitFramework/tests/StringAssertTests.cs=0697318B66AD2B5891EDCC23BF028D7F
NUnit/src/GuiComponents/UiKit/WritableTextDisplay.cs=E9681982A40544B5A14134DC11BCB25A
NUnit/src/NUnitCore/interfaces/TestRunner.cs=7427F782E7C2BFD418209ECFBE50496C
NUnit/src/NUnitFramework/tests/Constraints/AndTest.cs=F469D308696450AA1F9CF5E6C9DC2F1B
NUnit/src/NUnitFramework/tests/NUnitLite/AssertionHelper.cs=04E80DFD8209C9BD60A2DB1B9CD27FDE
NUnit/src/NUnitCore/core/EventQueue.cs=607932AE8EB3C18BA486C9CBD5C4FB2C
NUnit/src/GuiComponents/UiKit/TestSuiteTreeView.cs=2BB65E3FE0416DA7ADF5CBC21E5902B4
NUnit/src/NUnitFramework/framework/IExpectException.cs=919E936B0ED5720AE28CD2A1AB2244E1
NUnit/src/ClientUtilities/util/Services/SettingsService.cs=83BBE0BFB0EA7C77C18274C038D45015
NUnit/src/NUnitFramework/tests/FailureMessageFixture.cs=928DACDDEA0696C498273D41A5DE2E4F
NUnit/src/ClientUtilities/util/RecentFileEntry.cs=BF8FEE9CD1196243D2CD2104153DA9F9
NUnit/src/ClientUtilities/tests/RecentFileEntryTests.cs=41B84488DAFF37BA179D7A293146E187
NUnit/src/NUnitFramework/framework/Constraints/TypeConstraints.cs=985BE0E3FB10EF1310FE82C72CDD54A0
NUnit/src/GuiRunner/nunit-gui/AssemblyInfo.cs=0700D863BE2830FE4E3CB1F92D1C1ABE
NUnit/src/NUnitCore/interfaces/Extensibility/IExtensionHost.cs=89BED6C17A640728348C5A7668EC09E4
NUnit/src/NUnitFramework/tests/LessFixture.cs=2856DCA039199A814CFA24999E586543
NUnit/src/ClientUtilities/util/AggregatingTestRunner.cs=7225BA4BB96EB6D2876BE14DECD56338
NUnit/src/NUnitFramework/framework/AssertionFailureMessage.cs=402B312A57ED3403073CC123151F6942
NUnit/src/NUnitCore/interfaces/Filters/NameFilter.cs=07B7090EFEA48AE451E6F2A7D0221166
NUnit/src/ClientUtilities/util/TestDomain.cs=BA2C95B4FA89BB8265E0AAE5B6996F26
NUnit/src/NUnitExtensions/tests/PathAssertTests.cs=EEE9B3DE5441748B0FAA6937684E2A47
NUnit/src/GuiRunner/nunit-gui/ExceptionDetailsForm.cs=59F304FE07F4E969EE97C5162B6E8EC7
NUnit/src/NUnitCore/interfaces/Extensibility/TestFramework.cs=858DFE6B1885B808AF11335F2E43BD7A
NUnit/src/NUnitCore/core/NamespaceTreeBuilder.cs=1F678F752AC71978EFD989657E225B61
NUnit/src/NUnitFramework/framework/IConstraint.cs=562B07E13B075CA6938F058647188A52
NUnit/src/NUnitCore/tests/IgnoreFixture.cs=239F3FDF53237A5F8DC74FD38DF6F1A6
NUnit/src/NUnitFramework/tests/ArrayEqualsFixture.cs=365F94B81D22BC5F25DDF1C292F39DC6
NUnit/src/ClientUtilities/util/AssemblyInfo.cs=0700D863BE2830FE4E3CB1F92D1C1ABE
NUnit/src/NUnitCore/core/Extensibility/FrameworkRegistry.cs=8E6F15C7BF90BF8C4D87A74693A0180A
NUnit/src/NUnitCore/core/TestBuilderAttribute.cs=E768810D73C43B9B218F1E98AA911617
NUnit/src/CommonAssemblyInfo.cs=C572962E8E67E662DE353C920A4F9E1F
NUnit/src/NUnitCore/core/Extensibility/EventListenerCollection.cs=80E8B111993A3DF31D93263EC1E03F57
NUnit/src/GuiComponents/UiKit/ResultTabs.cs=B35FB7D1C7CC74A7C40063D957FB5608
NUnit/src/NUnitFixtures/fixtures/SnippetRunner.cs=02D952276A1F4A7D3A20DDD9FDB479A2
NUnit/src/ClientUtilities/tests/MemorySettingsStorageTests.cs=F079D0128F9525DE1E62006DA3D96B43
NUnit/src/NUnitCore/core/SimpleTestRunner.cs=E8738A3A8AA1F947BE35B8FF124F719E
NUnit/src/ClientUtilities/util/CategoryManager.cs=7F1BF1F9D2888E6849FE98ADF4B1BE2C
NUnit/src/ClientUtilities/util/TestObserver.cs=C8D13BAD514E22D4CCEE4092A4580B92
NUnit/src/NUnitCore/tests/NamespaceAssemblyTests.cs=351668250B5963AF45DF64BCB63FF622
NUnit/src/ClientUtilities/util/ProxyTestRunner.cs=5710185447464691A2FF895925D47160
NUnit/src/ClientUtilities/util/ResultSummarizer.cs=A3B7A113B2004254C1D5F36A89CC7C5D
NUnit/src/NUnitCore/tests/CallContextTests.cs=C6D9F22340660FFB0AEFCE73B66C962E
NUnit/src/ClientUtilities/tests/CategoryManagerTest.cs=1933EC534123720FAC37318E2ADF352B
NUnit/src/NUnitFramework/framework/FileAssert.cs=D6691EDACF4BB441196644BA622CB081
NUnit/src/tests/test-assembly/TestFixtureTests.cs=57D7F781CA757F401F5279D76775539D
NUnit/src/NUnitCore/core/AssemblyResolver.cs=EB734EB9C56E0084812837F8343302E5
NUnit/src/NUnitFramework/framework/Constraints/ConstraintBuilder.cs=705C4AF7CD3C0C81EFD9368A415FCFB3
NUnit/src/NUnitCore/interfaces/Extensibility/IAddin.cs=C4F8D6C03B337F105FD41F74230881C1
NUnit/src/ClientUtilities/util/VSProjectConfig.cs=505015413A783210D706570C624C3089
NUnit/src/GuiComponents/UiKit/RichEditTabPage.cs=7E2184191F385FE514B179275D7EBE91
NUnit/src/NUnitFramework/framework/TextMessageWriter.cs=CA28F2987F8D4B7C4A3A11B2A3763EA6
NUnit/src/ClientUtilities/tests/EventDispatcherTests.cs=531972E9AF43EDE3FE4CC003A9607A18
NUnit/src/ConsoleRunner/tests/CommandLineTests.cs=1830618E547A3C5B92C23448E7D04338
NUnit/src/GuiRunner/nunit-gui/AddinDialog.cs=0BF65D8B34C186930E9E6C945643E67B
NUnit/src/NUnitFramework/framework/DescriptionAttribute.cs=A96269350DF5FE527F709DFBFD018F7C
NUnit/src/tests/notestfixtures-assembly/Class1.cs=C066FD554E1CBAFB071FAF7F6DA03001
NUnit/src/NUnitCore/interfaces/Extensibility/ISuiteBuilder.cs=DA59594F5615E9BE534E8EDB304F467F
NUnit/src/NUnitFramework/framework/TestFixtureTearDownAttribute.cs=501BC5D8B16491DAD1C53BE0FEEAD60A
NUnit/src/NUnitFramework/tests/GreaterEqualFixture.cs=C64D2326D36F3D56B94FF31F12E2A749
NUnit/src/NUnitFixtures/fixtures/TestLoadFixture.cs=8DD19FEEE56D2A84BEF09F1C9C19C46E
NUnit/src/GuiRunner/nunit-gui/AboutBox.cs=FE981ECF6ED00488DEE14560D30B398F
NUnit/src/ClientUtilities/util/MemorySettingsStorage.cs=63178CD4428DB23284D8165198DC8706
NUnit/src/NUnitCore/interfaces/AssemblyInfo.cs=8B1DEBF4F6B73BED50B92FC0C17D7F1A
NUnit/src/NUnitCore/tests/TestDelegateFixture.cs=B600931BA41342D4895853F32016C022
NUnit/src/NUnitFramework/tests/NUnitLite/AssertTests.cs=EBD08705A1B8E61B483D9451BCAE4B9D
NUnit/src/tests/test-utilities/TestFinder.cs=064EB8B0469DCA13762646C6CEE6DA67
NUnit/src/NUnitFramework/framework/Constraints/NotConstraint.cs=D318D88D4BAE9D19CB623E972A22CCEA
NUnit/src/NUnitFramework/tests/TypeAssertTest.cs=3CC21DE70683538B579FEE6BD4E8DA8E
NUnit/src/ClientUtilities/tests/XmlResultVisitorTest.cs=5AF68D39C6150A1DE86F38298D3722F1
NUnit/src/GuiComponents/UiKit/GuiTestEventDispatcher.cs=293D5C7B6EECC58CF24CD5BD2C141E70
NUnit/src/ClientUtilities/tests/ProcessRunnerTests.cs=9C0AF1BBC0A509588E8B6450AB37ABA4
NUnit/src/NUnitCore/core/ThreadedTestRunner.cs=A30490E81844CB40408726B3BCB8A189
NUnit/src/GuiComponents/UiKit/TipWindow.cs=027A22EAEFBCBC30D379CA9901D337AD
NUnit/src/NUnitCore/core/Builders/LegacySuiteBuilder.cs=D58CF7E83684479C8C0DC18E966B0139
NUnit/src/NUnitCore/core/AssemblyReader.cs=1C53FC8872D08B873176AC68AFD3C059
NUnit/src/GuiComponents/tests/TestSuiteTreeViewFixture.cs=FD24E1494152152AC5D3AEE83FED09C7
NUnit/src/GuiRunner/nunit-gui/NUnitForm.cs=49AF5CB116DD6A596870C4489A9635B4
NUnit/src/GuiComponents/tests/TextBoxTests.cs=A38D7155A0B533DA8823D75D2A4EC105
NUnit/src/NUnitFramework/tests/ConditionAssertTests.cs=DC3651079761A9670E1DFFD82FC05377
NUnit/src/GuiComponents/UiKit/FolderBrowser.cs=B73380737EA25514AF80A8CDC21899DD
NUnit/src/ClientUtilities/util/VSProject.cs=40CED3802545035219F76077C1F6BD9C
NUnit/src/NUnitCore/interfaces/Extensibility/IAddinManager.cs=530787DEFCC45B904B846082D37D0CDE
NUnit/src/NUnitFramework/framework/StringAssert.cs=6DB28CC1B13512752C359C72AE76258D
NUnit/src/NUnitExtensions/core/AssemblyInfo.cs=8B1DEBF4F6B73BED50B92FC0C17D7F1A
NUnit/src/GuiRunner/nunit-gui/AppEntry.cs=DA90B0D0F61FE6FB59E18D4079A1A1C8
NUnit/src/tests/timing-tests/ConsoleOutputTimingFixture.cs=F4ABA24664F53E100274D0560FB7C9C9
NUnit/src/NUnitCore/core/ExtensionHost.cs=EA2732DA9523D0C740FFE4520DAC98B4
NUnit/src/NUnitFramework/framework/AbstractAsserter.cs=F26B43C64EDA6F2B8EDB9E471529061D
NUnit/src/NUnitCore/core/NUnitException.cs=C30058AF9EEC486E8B5385701551E349
NUnit/src/ClientUtilities/util/SummaryVisitor.cs=5EBE82F27C9597FF18D3EBF5454DA158
NUnit/src/NUnitCore/tests/EventTestFixture.cs=0AC5C1871B7609F503917672547343A7
NUnit/src/NUnitCore/interfaces/ITestFilter.cs=785F22EAB317AD69586D4E5E1CD8D5D6
NUnit/src/ConsoleRunner/tests/CommandLineTests_MultipleAssemblies.cs=544EC6EC9D670AF36C079F62EB1BBBC8
NUnit/src/NUnitCore/tests/MockTestRunner.cs=3D490A5454910123D5D90930D509507B
NUnit/src/ClientUtilities/util/NUnitRegistry.cs=3A25EAA2446E700BEA3B80A11554BFD9
NUnit/src/ClientUtilities/tests/NUnitRegistryTests.cs=884B71F1630343D1539316C185C76411
NUnit/src/NUnitCore/tests/CoreExtensionsTests.cs=D35D537D44644418EAD3D9DE7FD96D19
NUnit/src/NUnitCore/core/TestContext.cs=C3A546AA6E710455FF106505D488061A
NUnit/src/ClientUtilities/util/TestExceptionHandler.cs=8BDB6B9CD04511F74F0606649D2A0A5B
NUnit/src/tests/test-assembly/TestFixtureExtensionTests.cs=01F871F9886BCC54755EAC1DD82F4C53
NUnit/src/NUnitFramework/tests/NUnitLite/TestCaseInvocationTests.cs=ACEC3A8771A8A1CCD11E95F3CC0AEAF2
NUnit/src/NUnitCore/core/AbstractTestCaseDecoration.cs=54D1E1F44BBC442DB5192FF9DD396DD0
NUnit/src/NUnitCore/interfaces/Filters/CategoryFilter.cs=E1A49B76E39D2962CD1E625B4AE1D812
NUnit/src/NUnitCore/tests/TestSuiteTest.cs=EA3D794C33D4365432CEECDEE3D3C258
NUnit/src/NUnitFramework/framework/Constraints/EqualConstraint.cs=34BC62F805427B95D25930B2BD982500
NUnit/src/ClientUtilities/util/StackTraceFilter.cs=9C22A977468A7DAA8310BCB77508CB09
NUnit/src/ClientUtilities/util/TestEventDispatcher.cs=3DB5957F4B2D27CAB9BA970D61FD5629
NUnit/src/NUnitCore/tests/PropertyAttributeTests.cs=BAD94C4BB628424A1830DD2CD6A61602
NUnit/src/NUnitCore/core/SetUpFixture.cs=83F5BCFEC291662E84BA578B148EEB82
NUnit/src/tests/test-assembly/TestFixtureBuilderTests.cs=8D539D27080DD83A10FDE093EDE00438
NUnit/src/NUnitFramework/tests/Constraints/StringConstraintTests.cs=83C41E3036F652CF13EA1A1799977425
NUnit/src/NUnitCore/tests/TestFixtureTests.cs=F812A2FC2ADDF6493F7238ED44236E71
NUnit/src/NUnitFramework/tests/Constraints/EqualTest.cs=734ECA9F370138CEAA5B6E1CF3443F45
NUnit/src/ClientUtilities/util/XmlSettingsStorage.cs=FE371F92E2BAB135095F3CC580A01A53
NUnit/src/NUnitCore/core/CoreExtensions.cs=115A18B7C71172743585C010B9315101
NUnit/src/ClientUtilities/util/TestResultItem.cs=C0C784A0312BB3653744270A43CA7D7A
NUnit/src/NUnitCore/interfaces/Test.cs=BB4F89391A905F8F529B8AEA018D6AEF
NUnit/src/NUnitFramework/framework/CollectionAssert.cs=E20CE7662FFAAA4515380EF91AAA7BA2
NUnit/src/NUnitFramework/framework/TestFixtureSetUpAttribute.cs=9F7BA86D50404A2128AFB16944A5B00F
NUnit/src/NUnitFramework/tests/ArrayNotEqualFixture.cs=55795AD4646127B0F5F83477C0BBAA75
NUnit/src/NUnitCore/core/InvalidTestFixtureException.cs=86D2BDF09500815629404181E5AAB98A
NUnit/src/ClientUtilities/tests/ProjectConfigTests.cs=8D6D7910985C2EEC684DD777CA362524
NUnit/src/NUnitCore/core/NUnitFramework.cs=564914D059C185891621FCD9B82515F8
NUnit/src/NUnitFramework/framework/Assert.cs=CFEA67BDB39D8D73C985FF59071E33EB
NUnit/src/ClientUtilities/util/Services/RecentFilesService.cs=E584C2C9F30A35992ED290581D57DF5A
NUnit/src/NUnitFramework/tests/Constraints/ConstraintTestBase.cs=09C07BCD33A0AD20460C48110F6FD95A
NUnit/src/NUnitFixtures/tests/CompilationTests.cs=42C559700903B92B634C6690E2511402
NUnit/src/NUnitFramework/framework/PlatformAttribute.cs=C12A6C1D61B48D6CBD6E8BCAACA985A0
NUnit/src/NUnitFramework/tests/NUnitLite/ArrayFailureMessageTests.cs=07150EA1116C6A3E1F5A99727916A8C1
NUnit/src/NUnitFixtures/tests/TestTreeTests.cs=5BD0081B8854316CB8CDAFE074964654
NUnit/src/NUnitCore/tests/AssemblyTests.cs=51180AEE16254098EFA37A2B7C6FCC26
NUnit/src/NUnitCore/interfaces/TestCaseResult.cs=1F137ADF85EF97FEE5B57994B849B375
NUnit/src/NUnitCore/interfaces/Extensibility/AddinStatus.cs=E826414BE267F197E1023F37AC4D90B3
NUnit/src/NUnitFramework/tests/NUnitLite/CollectionTests.cs=C29B63B7A0C139BE3F63E742D873C587
NUnit/src/tests/test-assembly/AttributeDescriptionTests.cs=79BBAD9114C020CF1CA3420F56886D7C
NUnit/src/tests/test-assembly/RepeatedTestFixtureTests.cs=A1AEC055B741B6B097C5E8CE91EABAE6
NUnit/src/ClientUtilities/util/ITestLoader.cs=24981ED5CE76D82D6A2493E7EDFD4EED
NUnit/src/NUnitFramework/framework/CategoryAttribute.cs=8FA9902AAB6A4347A55AB51E83456150
NUnit/src/NUnitCore/tests/SerializationBug.cs=CF9BFE501D5916690119721F8D4D7B69
NUnit/src/NUnitFramework/framework/SuiteAttribute.cs=1F09CB6D44E95D7215987361E95924CF
NUnit/src/NUnitCore/core/Builders/NUnitTestCaseBuilder.cs=15CCDC1DC10751B998827891262E5366
NUnit/src/NUnitMocks/mocks/MockCall.cs=09E53C970D1E024F302A14CD2E05C983
NUnit/src/NUnitCore/tests/TestFrameworkTests.cs=2C69CE7EBD198B35803BB629C1A42BC3
NUnit/src/NUnitCore/core/IgnoreDecorator.cs=05852245CFDC429F36005D7D38362849
NUnit/src/GuiComponents/UiKit/StatusBar.cs=C0A8624789789BA0B6CE773B5EFDF110
NUnit/src/NUnitExtensions/tests/RepeatedTestFixture.cs=E46D627E45D9AF7CE95743F642A26BE1
NUnit/src/tests/nonamespace-assembly/NoNamespaceTestFixture.cs=B1D405ED0582EB41D2026464FBC10414
NUnit/src/NUnitMocks/mocks/MockInterfaceHandler.cs=4784D43B032D61D1EF11398E8BFAA47D
NUnit/src/NUnitCore/interfaces/Extensibility/ITestDecorator.cs=1E35937701244211758770DB22521E64
NUnit/src/NUnitCore/core/SuiteBuilderAttribute.cs=7245AED060A833215408CB3A15359BD3
NUnit/src/NUnitCore/core/InvalidSuiteException.cs=0BAAE1956F046293E912F25450AA8092
NUnit/src/NUnitFramework/framework/TearDownAttribute.cs=5C187CA7CE7325BDCB5DA15CCC0CE71D
NUnit/src/GuiComponents/tests/StatusBarTests.cs=14FD360E7B0F77333E980EB04A4B28FE
NUnit/src/NUnitCore/tests/CategoryAttributeTests.cs=2A36C5BE90693F76CC7DA317DCD8994D
NUnit/src/GuiComponents/UiKit/AssemblyListBox.cs=D9EA6607CA8B48675F01094DEA5D7FBC
NUnit/src/NUnitFramework/framework/SyntaxHelpers/SyntaxHelper.cs=697A1251811132409CB95EA303CFAB55
NUnit/src/NUnitCore/tests/TestIDTests.cs=0160983BA1CFE5DB1315BF053B0596B5
NUnit/src/ClientUtilities/util/RegistrySettingsStorage.cs=6A094DADE006884FFB291060CDD245C6
NUnit/src/ClientUtilities/util/PathUtils.cs=0A34E583915A6FC402B22B34D2857764
NUnit/src/NUnitCore/core/Builders/NUnitTestFixtureBuilder.cs=5E0032C49E8D69612723D684984554A2
NUnit/src/NUnitCore/tests/TestRunnerThreadTests.cs=7DB9DD56A052DEAEF467714F114224FD
NUnit/src/GuiRunner/tests/CommandLineTests.cs=D4B4356BBC42F932A9A16B709EF6438B
NUnit/src/NUnitCore/tests/FixtureSetUpTearDownTest.cs=D3E4EFA96D2DE6C7FF0574279C32C754
NUnit/src/tests/test-assembly/SuiteBuilderTests.cs=52DA4AB6A68A653D09519FF6CFECAE66
NUnit/src/ClientUtilities/tests/FileWatcherTest.cs=5690E056D5433AB177509A9B162BF7EC
NUnit/src/tests/test-assembly/SetUpTest.cs=5E44AF8F7A27D966FE12BD9A9411DC3A
NUnit/src/ClientUtilities/util/RecentFilesCollection.cs=EDF3C3AFA1A19690396C7C3F03172775
NUnit/src/tests/test-utilities/TempResourceFile.cs=E31CA24F23817464280B98D99133E366
NUnit/src/NUnitFramework/framework/Constraints/StringConstraints.cs=FD5B92954ACC4E43C364A3219C33073A
NUnit/src/NUnitCore/interfaces/Extensibility/IAddinRegistry.cs=583CC3578182EC9312DC1CFDF603A3C1
NUnit/src/NUnitFramework/tests/ArrayEqualsFailureMessageFixture.cs=C5D096A3DA0D39244310530E7EFAE6C3
NUnit/src/NUnitFramework/framework/ExplicitAttribute.cs=27F2EF1A3F3037A497A0094937796FE8
NUnit/src/NUnitCore/tests/TestCaseResultFixture.cs=FD600351C7A62875B928F5D68B3FBC5E
NUnit/src/NUnitCore/tests/AttributeDescriptionFixture.cs=87520525CF237C966DF7684E784947F5
NUnit/src/NUnitCore/interfaces/RunState.cs=7D8664E88EDE4596CD3AD4B8FA4F43E6
NUnit/src/NUnitFramework/tests/MsgUtilTests.cs=19331F9526C42698014D59BEF831B8DF
NUnit/src/GuiComponents/UiKit/AssemblyInfo.cs=0700D863BE2830FE4E3CB1F92D1C1ABE
NUnit/src/tests/test-assembly/SetupFixtureTests.cs=1FD5B73E7888BAC62F9280544CEDF73D
NUnit/src/NUnitFramework/tests/Constraints/NotTest.cs=1C61A0939E0B5BDA3F32D84743328C04
NUnit/src/NUnitFramework/framework/MsgUtils.cs=A03157896169EE3A8CD03C62203EA3C4
NUnit/src/NUnitExtensions/framework/AssemblyInfo.cs=43392674904B9E62D736CC5536EE4D26
NUnit/src/GuiComponents/UiKit/UserMessage.cs=A745B2126BA2451D2160B01F25C35CC4
NUnit/src/NUnitCore/core/Builders/AbstractFixtureBuilder.cs=37FA4264A018B685524B0756F20761B7
NUnit/src/NUnitCore/core/DirectorySwapper.cs=83C20BB90FA82A3692D39523F02C4D9B
NUnit/src/NUnitFramework/framework/Constraints/ComparisonConstraints.cs=F933C3C32CED76853A66E510AD524CE8
NUnit/src/NUnitFramework/framework/MessageWriter.cs=586BE8F00A2F9079C9D2B9F6CD49987F
NUnit/src/NUnitCore/tests/SimpleNameFilterTests.cs=588D327EE5C385B1EAD109DC1A8591EB
NUnit/src/NUnitFixtures/tests/AssemblyInfo.cs=30F13277EA8F426F9C2B8D3BEEE26096
NUnit/src/NUnitCore/core/TestCaseBuilder.cs=6052F4561FBBFDF20F610FC468C59574
NUnit/src/NUnitCore/tests/PlatformDetectionTests.cs=909E910F9C6C9432C2EDF40941A45525
NUnit/src/NUnitFramework/tests/MessageChecker.cs=4896EB3545F02746F0637F4B779B1712
NUnit/src/NUnitCore/tests/RemoteRunnerTests.cs=2B5A902D9C108341C5AE3029DEC2511E
NUnit/src/NUnitCore/core/NUnitTestFixture.cs=5D30A3AA74518344C05F8E3F8B3986EC
NUnit/src/ClientUtilities/util/ProjectConfig.cs=87C42FAF5FEC37DD1FE04C2B89CFC135
NUnit/src/NUnitCore/tests/TestConsole.cs=A759D3F852889F57789D2F5EEB6BBEF4
NUnit/src/GuiRunner/nunit-gui-exe/assemblyinfo.cs=991E258723432EEBFA717B999A1F930D
NUnit/src/tests/test-assembly/PropertyAttributeTests.cs=27305996D4F02E6954FF1419A7854E18
NUnit/src/tests/test-assembly/TestCaseTest.cs=EA1F37F56C72FF3F09B1B82B20814785
NUnit/src/NUnitFramework/framework/Constraints/Constraint.cs=A1D93C1C6CBABCBDFA0BBB90F16AC129
NUnit/src/NUnitCore/tests/SuiteBuilderTests_Multiple.cs=74BEAB40113B91A21BE271429B4915C0
NUnit/src/tests/test-assembly/ExpectExceptionTest.cs=050BBE24D8B05A83D9C79295A818FD2F
NUnit/src/NUnitCore/core/NUnitTestMethod.cs=8D4C92E057880D3CFCDDB6ED172D9FF0
NUnit/src/NUnitCore/tests/SuiteBuilderTests.cs=C9CFB4FA6393E83B891FE4019482BCA4
NUnit/src/NUnitFramework/framework/SetUpAttribute.cs=BDD10DBBFBA3D211EA5DAB2EF2453510
NUnit/src/GuiComponents/tests/LongRunningOperationDisplayTests.cs=13F4BBF5638042DC0BA6E74F0D4B8DA0
NUnit/src/NUnitFramework/framework/AssertionException.cs=66540875393B1B5575924E3A311FB628
NUnit/src/GuiComponents/UiKit/AppContainer.cs=09D10A23A2823A4E8233976B0736ED7D
NUnit/src/NUnitCore/core/TestFixtureBuilder.cs=DFDC91546C0D8CDA63AD33A1A43EFC7E
NUnit/src/ClientUtilities/tests/NUnitProjectTests.cs=1E5A981241633CAD2AE0005D0567B9E8
NUnit/src/ConsoleRunner/nunit-console-exe/Class1.cs=219137D799774AA4C344E7E2F1084294
NUnit/src/ClientUtilities/util/TestEventArgs.cs=9E415AD552514A1814C226985AFEDF58
NUnit/src/NUnitCore/core/Builders/TestAssemblyBuilder.cs=B7BB664F3F35C68C2DD64EDB2F1725DC
NUnit/src/ClientUtilities/util/Services/AddinRegistry.cs=5012A1FBBF75F7150B18DA3AAE164058
NUnit/src/NUnitFramework/tests/Constraints/CollectionConstraintTests.cs=56DA01687E745E3EB51E867319504BFA
NUnit/src/NUnitFramework/tests/NotSameFixture.cs=9AA6A43F66A75EFAFE856D8A31F10C9E
NUnit/src/ClientUtilities/util/SettingsStorage.cs=D787803C9A5D8FF77690F23D91A4750A
NUnit/src/tests/test-assembly/TestData.cs=5EEFCC28C0EACC5BB5B84E97739837EA
NUnit/src/ClientUtilities/util/RecentFiles.cs=CE7950319A8C2B146C50F62C0B8AD275
NUnit/src/ClientUtilities/tests/VSProjectTests.cs=41FC12B2CE8C11735858255C9DC8A48A
NUnit/src/NUnitFramework/framework/SyntaxHelpers/Has.cs=1B4E7292906A7823D1864702527BE140
NUnit/src/NUnitFixtures/fixtures/AssemblyRunner.cs=BB924CEE3C37C2FF01A93D964B8444DB
NUnit/src/NUnitCore/core/DelegatingTestRunner.cs=AD71282AEAC72704D8FBFF6F0A9E0026
NUnit/src/NUnitCore/core/TestMethod.cs=02E1C3BAD9A9DE81FCE5ABF9C2026125
NUnit/src/ClientUtilities/tests/MockAssemblyWatcher.cs=F637221DD4EEAFBC79723BECC12012CA
NUnit/src/NUnitCore/interfaces/IService.cs=DDDE53509D381FE5BA595CAA3E46E9CC
NUnit/src/NUnitFramework/framework/Constraints/EmptyConstraint.cs=E0F5315A4615BE9BBF2023BBD9AF5555
NUnit/src/NUnitCore/interfaces/TestNode.cs=6B37DC37FE606CFA9680289902EBC2EF
NUnit/src/ClientUtilities/tests/NUnitProjectXml.cs=539C44018693FF254482B98DFD0FD9FA
NUnit/src/NUnitCore/core/TestDecoratorAttribute.cs=D3C9D7D859A981CA06BE681888CB869B
NUnit/src/NUnitFramework/tests/AssertSyntaxTests.cs=F5D4F97211A5F488A8AA659E4642CDE9
NUnit/src/NUnitFramework/framework/SyntaxHelpers/Is.cs=3B945C219DE70C6C9614B3137AD74FB5
NUnit/src/GuiComponents/UiKit/ExpandingTextBox.cs=F90A6169597993FC5CF1B759FA3D2686
NUnit/src/NUnitFramework/tests/GreaterFixture.cs=81E094AB1C2E0B0C3507AD8CCCB295D4
NUnit/src/GuiComponents/UiKit/TestLoaderUI.cs=CA30DF8E0CA5087584D2A23A2F05BDA5
NUnit/src/ConsoleRunner/nunit-console-exe/assemblyinfo.cs=DCAFF226F14E8A2E8D57CA1DC526AD4B
NUnit/src/NUnitMocks/mocks/AssemblyInfo.cs=4C1FF07DD55B13D4BE3B13FBD7710605
NUnit/src/NUnitCore/interfaces/TestInfo.cs=7AA19FBCD2717EE147D9630AA1BFE046
NUnit/src/NUnitFramework/framework/Constraints/CollectionConstraints.cs=F2764A05392F88B15EA28435AD2F8DC8
NUnit/src/NUnitFramework/framework/SyntaxHelpers/Text.cs=06E0B5A6BEBC67D6B1282DE0788C70B4
NUnit/src/NUnitCore/tests/UnhandledExceptionTests.cs=834A05EECF09F1F2EE9E37D028CCD35C
NUnit/src/ClientUtilities/tests/TestDomainTests_Multiple.cs=67BDF1E2511AAEC1A128C1713858FC37
NUnit/src/NUnitTestServer/nunit-server/TestServer.cs=B56C3ED1C803B85C171FA6489DB5B96E
NUnit/src/NUnitFramework/tests/NUnitLite/StackFilterTest.cs=2D9DD221D1EF4FBBC33E39582D8E0B7B
NUnit/src/NUnitFramework/framework/IgnoreException.cs=4B4DBC27200A650DD747DA98C61FEC1F
NUnit/src/NUnitCore/core/TestSuiteBuilder.cs=CEB3A5BD1B0CDB39D7D3B1B98779D699
NUnit/src/ClientUtilities/util/Services/DomainManager.cs=546DD8C6F01418A7380A73AF18F6DDFD
NUnit/src/tests/test-assembly/CategoryAttributeTests.cs=8F5789C22630BEE26E2E9AD31611957C
NUnit/src/NUnitCore/interfaces/TestResult.cs=46543D26BADE8DAC078E3D24D1515EDB
NUnit/src/NUnitFramework/framework/Constraints/ContainsConstraint.cs=4BD6A87D799FD3362A46142AE543F671
NUnit/src/NUnitCore/core/EventPump.cs=59F87C5F3E45D2C52BABE76B053411F4
NUnit/src/ConsoleRunner/nunit-console/AssemblyInfo.cs=0700D863BE2830FE4E3CB1F92D1C1ABE
