<?xml version="1.0" encoding="UTF-8"?>
<TestRun id="60cd27ee-3ab1-4856-ae7f-3b3e2528bb31" name="niha@NIHA-PC 2011-06-03 15:50:43" runUser="niha-PC\niha" xmlns="http://microsoft.com/schemas/VisualStudio/TeamTest/2010">
  <TestSettings name="Local" id="3fc6421e-3dcc-41a4-afc4-537dd04263e8">
    <Description>These are default test settings for a local test run.</Description>
    <Deployment enabled="false" runDeploymentRoot="niha_NIHA-PC 2011-06-03 15_50_43">
      <DeploymentItem filename="c:\users\niha\documents\visual studio 2010\Projects\TestCreationApp\TestCreationApp\bin\Debug\TestCreationApp.exe" />
    </Deployment>
    <Execution>
      <TestTypeSpecific />
      <AgentRule name="Execution Agents">
      </AgentRule>
    </Execution>
  </TestSettings>
  <Times creation="2011-06-03T15:50:43.9057380+02:00" queuing="2011-06-03T15:50:43.9277126+02:00" start="2011-06-03T15:50:44.0705475+02:00" finish="2011-06-03T15:50:44.5430014+02:00" />
  <ResultSummary outcome="Completed">
    <Counters total="2" executed="2" passed="2" error="0" failed="0" timeout="0" aborted="0" inconclusive="0" passedButRunAborted="0" notRunnable="0" notExecuted="0" disconnected="0" warning="0" completed="0" inProgress="0" pending="0" />
  </ResultSummary>
  <TestDefinitions>
    <UnitTest name="TestMethod2" storage="c:\users\niha\documents\visual studio 2010\projects\testcreationapp\testcreationapptests\bin\debug\testcreationapptests.dll" id="3a2a6894-cc01-d306-1077-bb8054a99aaf">
      <Execution id="192011c7-0c29-43fc-94db-278a89095d31" />
      <TestMethod codeBase="c:/users/niha/documents/visual studio 2010/Projects/TestCreationApp/TestCreationAppTests/bin/Debug/TestCreationAppTests.DLL" adapterTypeName="Microsoft.VisualStudio.TestTools.TestTypes.Unit.UnitTestAdapter, Microsoft.VisualStudio.QualityTools.Tips.UnitTest.Adapter, Version=10.0.0.0, Culture=neutral, PublicKeyToken=b03f5f7f11d50a3a" className="TestCreationAppTests.ProgramTest, TestCreationAppTests, Version=1.0.0.0, Culture=neutral, PublicKeyToken=null" name="TestMethod2" />
    </UnitTest>
    <UnitTest name="TestMethod1" storage="c:\users\niha\documents\visual studio 2010\projects\testcreationapp\testcreationapptests\bin\debug\testcreationapptests.dll" id="a181a68c-69ce-adab-e3e7-a107097f009a">
      <Execution id="517cd4f3-2024-4dbc-bef3-455f983a1276" />
      <TestMethod codeBase="c:/users/niha/documents/visual studio 2010/Projects/TestCreationApp/TestCreationAppTests/bin/Debug/TestCreationAppTests.DLL" adapterTypeName="Microsoft.VisualStudio.TestTools.TestTypes.Unit.UnitTestAdapter, Microsoft.VisualStudio.QualityTools.Tips.UnitTest.Adapter, Version=10.0.0.0, Culture=neutral, PublicKeyToken=b03f5f7f11d50a3a" className="TestCreationAppTests.ProgramTest, TestCreationAppTests, Version=1.0.0.0, Culture=neutral, PublicKeyToken=null" name="TestMethod1" />
    </UnitTest>
  </TestDefinitions>
  <TestLists>
    <TestList name="Results Not in a List" id="8c84fa94-04c1-424b-9868-57a2d4851a1d" />
    <TestList name="All Loaded Results" id="19431567-8539-422a-85d7-44ee4e166bda" />
  </TestLists>
  <TestEntries>
    <TestEntry testId="3a2a6894-cc01-d306-1077-bb8054a99aaf" executionId="192011c7-0c29-43fc-94db-278a89095d31" testListId="8c84fa94-04c1-424b-9868-57a2d4851a1d" />
    <TestEntry testId="a181a68c-69ce-adab-e3e7-a107097f009a" executionId="517cd4f3-2024-4dbc-bef3-455f983a1276" testListId="8c84fa94-04c1-424b-9868-57a2d4851a1d" />
  </TestEntries>
  <Results>
    <UnitTestResult executionId="192011c7-0c29-43fc-94db-278a89095d31" testId="3a2a6894-cc01-d306-1077-bb8054a99aaf" testName="TestMethod2" computerName="NIHA-PC" duration="00:00:00.0224400" startTime="2011-06-03T15:50:44.1694332+02:00" endTime="2011-06-03T15:50:44.4111538+02:00" testType="13cdc9d9-ddb5-4fa4-a97d-d965ccfc6d4b" outcome="Passed" testListId="8c84fa94-04c1-424b-9868-57a2d4851a1d" relativeResultsDirectory="192011c7-0c29-43fc-94db-278a89095d31">
    </UnitTestResult>
    <UnitTestResult executionId="517cd4f3-2024-4dbc-bef3-455f983a1276" testId="a181a68c-69ce-adab-e3e7-a107097f009a" testName="TestMethod1" computerName="NIHA-PC" duration="00:00:00.0025931" startTime="2011-06-03T15:50:44.4221411+02:00" endTime="2011-06-03T15:50:44.4221411+02:00" testType="13cdc9d9-ddb5-4fa4-a97d-d965ccfc6d4b" outcome="Passed" testListId="8c84fa94-04c1-424b-9868-57a2d4851a1d" relativeResultsDirectory="517cd4f3-2024-4dbc-bef3-455f983a1276">
    </UnitTestResult>
  </Results>
</TestRun>